/Users/easonchang/Documents/Stock_dashboard/.venv/lib/python3.9/site-packages/urllib3/__init__.py:35: NotOpenSSLWarning: urllib3 v2 only supports OpenSSL 1.1.1+, currently the 'ssl' module is compiled with 'LibreSSL 2.8.3'. See: https://github.com/urllib3/urllib3/issues/3020
  warnings.warn(
Starting All-Market stock data fetch (Official Source)...
Target trading dates: ['2026-06-03', '2026-06-04', '2026-06-05', '2026-06-08', '2026-06-09']
Fetching industry mapping...
Fetching institutional data for 2026-06-03...
Fetching institutional data for 2026-06-04...
Fetching institutional data for 2026-06-05...
Fetching institutional data for 2026-06-08...
Fetching institutional data for 2026-06-09...
Fetching latest quotes...
Warning: Blocked/Redirected on https://openapi.twse.com.tw/v1/exchangeReport/MI_INDEX_ALL (Attempt 1)
Warning: Blocked/Redirected on https://openapi.twse.com.tw/v1/exchangeReport/MI_INDEX_ALL (Attempt 2)
Warning: Blocked/Redirected on https://openapi.twse.com.tw/v1/exchangeReport/MI_INDEX_ALL (Attempt 3)
Warning: Blocked/Redirected on https://openapi.twse.com.tw/v1/exchangeReport/MI_INDEX_ALL (Attempt 4)
Warning: Blocked/Redirected on https://openapi.twse.com.tw/v1/exchangeReport/MI_INDEX_ALL (Attempt 5)
Fallback to www.twse.com.tw for MI_INDEX_ALL
Calculating consecutive buy streaks...
Fetching US market indices...
Successfully fetched ^SPX via yfinance (2026-06-09): close=7245.63
Successfully fetched ^NDX via yfinance (2026-06-09): close=28309.28
Successfully fetched SOXX via yfinance (2026-06-09): close=525.69
Successfully fetched NVDA via yfinance (2026-06-09): close=200.90
Successfully fetched MU via yfinance (2026-06-09): close=861.67
Successfully fetched AMD via yfinance (2026-06-09): close=442.02
Successfully fetched TSM via yfinance (2026-06-09): close=407.11
Successfully fetched AAPL via yfinance (2026-06-09): close=288.36
Fetching Institutional Summary...
Extracting AI Context (Strong of Strongs)...
Successfully generated data/data.json with all modules.
